src/components/workspace/InviteModal.tsx(4,10): error TS2305: Module '"@/app/actions/workspace"' has no exported member 'inviteUserToWorkspace'.
